QRQRQR:: [Interface]
QRQRQR:: Address = 10.10.10.11/24
QRQRQR:: PrivateKey = PRIVATE-KEY-1
QRQRQR:: DNS = 10.10.10.10
QRQRQR:: 
QRQRQR:: [Peer]
QRQRQR:: PublicKey = PUBLIC-SERVER-KEY
QRQRQR:: AllowedIPs = 0.0.0.0/0, ::/0
QRQRQR:: Endpoint = SERVER-IP:51820
