unknown client name `doesnotexist'
No input data.
